
  .   ____          _            __ _ _
 /\\ / ___'_ __ _ _(_)_ __  __ _ \ \ \ \
( ( )\___ | '_ | '_| | '_ \/ _` | \ \ \ \
 \\/  ___)| |_)| | | | | || (_| |  ) ) ) )
  '  |____| .__|_| |_|_| |_\__, | / / / /
 =========|_|==============|___/=/_/_/_/

 :: Spring Boot ::                (v4.0.6)

2026-09-17T13:27:03.285+08:00  INFO 64548 --- [           main] com.expiry.ExpiryFoodApplication         : Starting ExpiryFoodApplication v1.0.0 using Java 17.0.12 with PID 64548 (D:\tool\IDEA\linqi\GoodsManage\backend\target\expiry-food-backend-1.0.0.jar started by LAPTOP-Q84T1DRB$ in D:\tool\IDEA\linqi\GoodsManage\backend)
2026-09-17T13:27:03.287+08:00  INFO 64548 --- [           main] com.expiry.ExpiryFoodApplication         : No active profile set, falling back to 1 default profile: "default"
2026-09-17T13:27:04.657+08:00  INFO 64548 --- [           main] o.s.boot.tomcat.TomcatWebServer          : Tomcat initialized with port 8080 (http)
2026-09-17T13:27:04.681+08:00  INFO 64548 --- [           main] o.apache.catalina.core.StandardService   : Starting service [Tomcat]
2026-09-17T13:27:04.681+08:00  INFO 64548 --- [           main] o.apache.catalina.core.StandardEngine    : Starting Servlet engine: [Apache Tomcat/11.0.21]
2026-09-17T13:27:04.734+08:00  INFO 64548 --- [           main] b.w.c.s.WebApplicationContextInitializer : Root WebApplicationContext: initialization completed in 1385 ms
Logging initialized using 'class org.apache.ibatis.logging.stdout.StdOutImpl' adapter.
Get /192.168.206.1 network interface 
Get network interface info: name:eth5 (VMware Virtual Ethernet Adapter for VMnet1)
Initialization Sequence datacenterId:4 workerId:7
 _ _   |_  _ _|_. ___ _ |    _ 
| | |\/|_)(_| | |_\  |_)||_|_\ 
     /               |         
                        3.5.16 
2026-09-17T13:27:07.587+08:00  INFO 64548 --- [           main] m.e.s.MybatisPlusApplicationContextAware : Register ApplicationContext instances org.springframework.boot.web.server.servlet.context.AnnotationConfigServletWebServerApplicationContext@36f48b4
2026-09-17T13:27:07.823+08:00  INFO 64548 --- [           main] o.s.boot.tomcat.TomcatWebServer          : Tomcat started on port 8080 (http) with context path '/'
2026-09-17T13:27:07.846+08:00  INFO 64548 --- [           main] com.expiry.ExpiryFoodApplication         : Started ExpiryFoodApplication in 5.143 seconds (process running for 5.828)
2026-09-17T13:27:40.141+08:00  INFO 64548 --- [nio-8080-exec-1] o.a.c.c.C.[Tomcat].[localhost].[/]       : Initializing Spring DispatcherServlet 'dispatcherServlet'
2026-09-17T13:27:40.141+08:00  INFO 64548 --- [nio-8080-exec-1] o.s.web.servlet.DispatcherServlet        : Initializing Servlet 'dispatcherServlet'
2026-09-17T13:27:40.141+08:00  INFO 64548 --- [nio-8080-exec-1] o.s.web.servlet.DispatcherServlet        : Completed initialization in 0 ms
Creating a new SqlSession
SqlSession [org.apache.ibatis.session.defaults.DefaultSqlSession@b464a99] was not registered for synchronization because synchronization is not active
2026-09-17T13:27:40.346+08:00  INFO 64548 --- [nio-8080-exec-1] com.zaxxer.hikari.HikariDataSource       : HikariPool-1 - Starting...
2026-09-17T13:27:40.661+08:00  INFO 64548 --- [nio-8080-exec-1] com.zaxxer.hikari.pool.HikariPool        : HikariPool-1 - Added connection com.mysql.cj.jdbc.ConnectionImpl@49cda481
2026-09-17T13:27:40.666+08:00  INFO 64548 --- [nio-8080-exec-1] com.zaxxer.hikari.HikariDataSource       : HikariPool-1 - Start completed.
JDBC Connection [HikariProxyConnection@1695517282 wrapping com.mysql.cj.jdbc.ConnectionImpl@49cda481] will not be managed by Spring
==>  Preparing: SELECT id,name,icon,sort,parent_id,status,create_time,update_time FROM category WHERE (status = ?) ORDER BY sort ASC,create_time DESC
==> Parameters: 1(Integer)
<==    Columns: id, name, icon, sort, parent_id, status, create_time, update_time
<==        Row: 1, 休闲零食, null, 1, 0, 1, 2026-04-24 15:43:42, 2026-04-24 15:43:42
<==        Row: 2, 饮料冲调, null, 2, 0, 1, 2026-04-24 15:43:42, 2026-04-24 15:43:42
<==        Row: 3, 粮油调味, null, 3, 0, 1, 2026-04-24 15:43:42, 2026-04-24 15:43:42
<==        Row: 4, 方便速食, null, 4, 0, 1, 2026-04-24 15:43:42, 2026-04-24 15:43:42
<==        Row: 5, 乳制品, null, 5, 0, 1, 2026-04-24 15:43:42, 2026-04-24 15:43:42
<==        Row: 6, 饼干糕点, null, 6, 0, 1, 2026-04-24 15:43:42, 2026-04-24 15:43:42
<==        Row: 7, 糖果巧克力, null, 7, 0, 1, 2026-04-24 15:43:42, 2026-04-24 15:43:42
<==        Row: 8, 进口食品, null, 8, 0, 1, 2026-04-24 15:43:42, 2026-04-24 15:43:42
<==      Total: 8
Closing non transactional SqlSession [org.apache.ibatis.session.defaults.DefaultSqlSession@b464a99]
Creating a new SqlSession
SqlSession [org.apache.ibatis.session.defaults.DefaultSqlSession@7ffe5724] was not registered for synchronization because synchronization is not active
JDBC Connection [HikariProxyConnection@182197185 wrapping com.mysql.cj.jdbc.ConnectionImpl@49cda481] will not be managed by Spring
==>  Preparing: SELECT id,title,image_url,link_url,sort,status,create_time,update_time FROM banner WHERE (status = ?) ORDER BY sort ASC
==> Parameters: 1(Integer)
<==    Columns: id, title, image_url, link_url, sort, status, create_time, update_time
<==        Row: 4, 1232, /uploads/2026/05/15/96efcb0efdac491b985dcfb4210474ac.jpg, , 0, 1, 2026-05-15 15:32:24, 2026-05-15 15:32:24
<==        Row: 1, 临期特惠 低至1折, https://picsum.photos/1440/460?random=1, /products?expiryStatus=1, 1, 1, 2026-04-24 16:25:18, 2026-04-24 16:25:18
<==        Row: 2, 新品上架 品质严选, https://picsum.photos/1440/460?random=2, /products, 2, 1, 2026-04-24 16:25:18, 2026-04-24 16:25:18
<==        Row: 3, 热销排行 人气好货, https://picsum.photos/1440/460?random=3, /products?sortField=sales&sortOrder=desc, 3, 1, 2026-04-24 16:25:18, 2026-04-24 16:25:18
<==      Total: 4
Closing non transactional SqlSession [org.apache.ibatis.session.defaults.DefaultSqlSession@7ffe5724]
Creating a new SqlSession
SqlSession [org.apache.ibatis.session.defaults.DefaultSqlSession@2caabc13] was not registered for synchronization because synchronization is not active
JDBC Connection [HikariProxyConnection@577587190 wrapping com.mysql.cj.jdbc.ConnectionImpl@49cda481] will not be managed by Spring
==>  Preparing: SELECT id,name,icon,sort,parent_id,status,create_time,update_time FROM category WHERE (status = ?) ORDER BY sort ASC,create_time DESC
==> Parameters: 1(Integer)
<==    Columns: id, name, icon, sort, parent_id, status, create_time, update_time
<==        Row: 1, 休闲零食, null, 1, 0, 1, 2026-04-24 15:43:42, 2026-04-24 15:43:42
<==        Row: 2, 饮料冲调, null, 2, 0, 1, 2026-04-24 15:43:42, 2026-04-24 15:43:42
<==        Row: 3, 粮油调味, null, 3, 0, 1, 2026-04-24 15:43:42, 2026-04-24 15:43:42
<==        Row: 4, 方便速食, null, 4, 0, 1, 2026-04-24 15:43:42, 2026-04-24 15:43:42
<==        Row: 5, 乳制品, null, 5, 0, 1, 2026-04-24 15:43:42, 2026-04-24 15:43:42
<==        Row: 6, 饼干糕点, null, 6, 0, 1, 2026-04-24 15:43:42, 2026-04-24 15:43:42
<==        Row: 7, 糖果巧克力, null, 7, 0, 1, 2026-04-24 15:43:42, 2026-04-24 15:43:42
<==        Row: 8, 进口食品, null, 8, 0, 1, 2026-04-24 15:43:42, 2026-04-24 15:43:42
<==      Total: 8
Closing non transactional SqlSession [org.apache.ibatis.session.defaults.DefaultSqlSession@2caabc13]
Creating a new SqlSession
SqlSession [org.apache.ibatis.session.defaults.DefaultSqlSession@272867dc] was not registered for synchronization because synchronization is not active
JDBC Connection [HikariProxyConnection@1888658702 wrapping com.mysql.cj.jdbc.ConnectionImpl@49cda481] will not be managed by Spring
==>  Preparing: SELECT COUNT(*) AS total FROM product WHERE (status = ? AND audit_status = ? AND expiry_status <> ? AND expiry_status = ?)
==> Parameters: 1(Integer), 1(Integer), 2(Integer), 1(Integer)
<==    Columns: total
<==        Row: 18
<==      Total: 1
==>  Preparing: SELECT id,merchant_id,category_id,name,description,price,original_price,stock,stock_warning,production_date,shelf_life_days,expiry_date,expiry_status,images,manufacturer,origin,license_no,quality_report_imgs,status,audit_status,sales,create_time,update_time FROM product WHERE (status = ? AND audit_status = ? AND expiry_status <> ? AND expiry_status = ?) ORDER BY expiry_date ASC LIMIT ?
==> Parameters: 1(Integer), 1(Integer), 2(Integer), 1(Integer), 10(Long)
<==    Columns: id, merchant_id, category_id, name, description, price, original_price, stock, stock_warning, production_date, shelf_life_days, expiry_date, expiry_status, images, manufacturer, origin, license_no, quality_report_imgs, status, audit_status, sales, create_time, update_time
<==        Row: 53, 1, 1, 来伊份 芒果干 120g, <<BLOB>>, 8.90, 22.00, 35, 10, 2026-01-15, 180, 2026-07-14, 1, /uploads/2026/07/09/2cf4349e23b54377876e46e21279af6e.png, 来伊份股份有限公司, 上海, SC10431010400545, null, 1, 1, 1450, 2026-04-24 16:25:18, 2026-05-19 17:41:35
<==        Row: 13, 5, 2, 星巴克 即饮咖啡 抹茶拿铁 270ml*6, <<BLOB>>, 38.00, 66.00, 45, 10, 2026-01-20, 180, 2026-07-19, 1, /uploads/2026/07/09/7cd2c1eb21de45fba8a2c4c1005a03ed.png, 星巴克咖啡公司, 美国, SC10611020400145, null, 1, 1, 1560, 2026-04-24 16:25:18, 2026-05-19 17:40:45
<==        Row: 54, 2, 5, 君乐宝 简醇 0添加蔗糖酸奶 250g*10, <<BLOB>>, 35.00, 59.90, 55, 10, 2026-03-25, 120, 2026-07-23, 1, /uploads/2026/07/09/756ee40572394d9988e42004389b6f1a.png, 石家庄君乐宝乳业有限公司, 河北石家庄, SC10513010100556, null, 1, 1, 3200, 2026-04-24 16:25:18, 2026-05-19 17:44:19
<==        Row: 7, 3, 1, 旺旺 仙贝 540g 家庭装, <<BLOB>>, 18.80, 38.00, 60, 10, 2025-10-01, 300, 2026-07-28, 1, /uploads/2026/07/09/642205ec1468425b918d77d9c8a2068b.png, 旺旺集团, 湖南长沙, SC10543010100078, null, 1, 1, 1800, 2026-04-24 16:25:18, 2026-05-19 17:41:42
<==        Row: 8, 1, 1, 盐津铺子 鱼豆腐 440g, <<BLOB>>, 16.01, 32.00, 1250, 10, 2026-02-01, 180, 2026-07-31, 1, /uploads/2026/07/09/d92bbf9ce44a4dfa973c693b9433be28.png, 盐津铺子食品股份有限公司, 湖南浏阳, SC10343012200090, null, 1, 1, 980, 2026-04-24 16:25:18, 2026-04-24 16:25:18
<==        Row: 24, 3, 4, 统一 老坛酸菜牛肉面 5连包, <<BLOB>>, 11.90, 20.00, 350, 10, 2026-02-15, 180, 2026-08-14, 1, /uploads/2026/07/09/973611b3e14c4aebbf5222ecb044cbe2.png, 统一企业(中国)投资有限公司, 北京, SC10111010400256, null, 1, 1, 12000, 2026-04-24 16:25:18, 2026-05-19 17:45:51
<==        Row: 32, 2, 5, 光明 莫斯利安 原味酸奶 200g*12, <<BLOB>>, 39.90, 65.00, 90, 10, 2026-03-20, 150, 2026-08-17, 1, /uploads/2026/07/09/490e7d6596f9493cac1d980d3fefb77e.png, 光明乳业股份有限公司, 上海, SC10531010400334, null, 1, 1, 6500, 2026-04-24 16:25:18, 2026-05-19 17:41:14
<==        Row: 3, 3, 1, 百草味 猪肉脯 200g, <<BLOB>>, 15.90, 35.90, 77, 10, 2026-02-20, 180, 2026-08-19, 1, /uploads/2026/07/09/04f030cbd2da487287e87a200c6d1be0.png, 百草味食品有限公司, 浙江杭州, SC10433010900789, null, 1, 1, 2103, 2026-04-24 16:25:18, 2026-07-09 14:40:34
<==        Row: 28, 3, 4, 阿宽 红油面皮 4连包, <<BLOB>>, 13.90, 24.00, 250, 10, 2026-02-28, 180, 2026-08-27, 1, /uploads/2026/07/09/fd7cefe317a34d229daa6f8493890bd0.png, 四川白家阿宽食品产业, 四川成都, SC10151010400290, null, 1, 1, 4300, 2026-04-24 16:25:18, 2026-05-19 17:40:57
<==        Row: 23, 3, 4, 康师傅 红烧牛肉面 5连包, <<BLOB>>, 11.50, 20.00, 400, 10, 2026-03-01, 180, 2026-08-28, 1, /uploads/2026/07/09/08d0fdb546d74ef18c9a8c6a81c2ef0b.png, 康师傅控股有限公司, 天津, SC10112010400245, null, 1, 1, 15000, 2026-04-24 16:25:18, 2026-05-19 17:44:12
<==      Total: 10
Closing non transactional SqlSession [org.apache.ibatis.session.defaults.DefaultSqlSession@272867dc]
Creating a new SqlSession
SqlSession [org.apache.ibatis.session.defaults.DefaultSqlSession@3d8460d1] was not registered for synchronization because synchronization is not active
JDBC Connection [HikariProxyConnection@2092526314 wrapping com.mysql.cj.jdbc.ConnectionImpl@49cda481] will not be managed by Spring
==>  Preparing: SELECT COUNT(*) AS total FROM product WHERE (status = ? AND audit_status = ? AND expiry_status <> ?)
==> Parameters: 1(Integer), 1(Integer), 2(Integer)
<==    Columns: total
<==        Row: 53
<==      Total: 1
==>  Preparing: SELECT id,merchant_id,category_id,name,description,price,original_price,stock,stock_warning,production_date,shelf_life_days,expiry_date,expiry_status,images,manufacturer,origin,license_no,quality_report_imgs,status,audit_status,sales,create_time,update_time FROM product WHERE (status = ? AND audit_status = ? AND expiry_status <> ?) ORDER BY create_time DESC LIMIT ?
==> Parameters: 1(Integer), 1(Integer), 2(Integer), 10(Long)
<==    Columns: id, merchant_id, category_id, name, description, price, original_price, stock, stock_warning, production_date, shelf_life_days, expiry_date, expiry_status, images, manufacturer, origin, license_no, quality_report_imgs, status, audit_status, sales, create_time, update_time
<==        Row: 2, 1, 1, 三只松鼠 碧根果 500g, <<BLOB>>, 19.90, 45.90, 150, 10, 2026-01-10, 270, 2026-10-07, 1, /uploads/2026/07/09/0dc7281d54524232a87b255067a371e9.png, 三只松鼠股份有限公司, 安徽芜湖, SC11934020200456, null, 1, 1, 1230, 2026-04-24 16:25:18, 2026-05-19 17:40:57
<==        Row: 3, 3, 1, 百草味 猪肉脯 200g, <<BLOB>>, 15.90, 35.90, 77, 10, 2026-02-20, 180, 2026-08-19, 1, /uploads/2026/07/09/04f030cbd2da487287e87a200c6d1be0.png, 百草味食品有限公司, 浙江杭州, SC10433010900789, null, 1, 1, 2103, 2026-04-24 16:25:18, 2026-07-09 14:40:34
<==        Row: 4, 3, 1, 卫龙 大面筋 106g*10包, <<BLOB>>, 12.80, 25.00, 500, 10, 2026-03-01, 240, 2026-10-27, 0, /uploads/2026/07/09/ce49295547704ec79f7569a98a3f0b4b.png, 卫龙美味全球控股, 河南漯河, SC10341110400012, null, 1, 1, 5680, 2026-04-24 16:25:18, 2026-05-19 17:45:51
<==        Row: 5, 1, 1, 洽洽 瓜子 308g 焦糖味, <<BLOB>>, 9.90, 18.90, 300, 10, 2026-01-05, 270, 2026-10-02, 1, /uploads/2026/07/09/8f7b9a5750c34821bf9a2d7155c7bba0.png, 洽洽食品股份有限公司, 安徽合肥, SC11834010100034, null, 1, 1, 3200, 2026-04-24 16:25:18, 2026-05-19 17:41:42
<==        Row: 6, 5, 1, 乐事 薯片 大波浪 原味 135g, <<BLOB>>, 7.50, 12.80, 399, 10, 2026-03-15, 180, 2026-09-11, 0, /uploads/2026/07/09/e0f4bc24f4bd49a18629dd20bf7ea3ea.png, 百事食品(中国)有限公司, 北京, SC10511010400056, null, 1, 1, 4501, 2026-04-24 16:25:18, 2026-05-19 17:41:42
<==        Row: 7, 3, 1, 旺旺 仙贝 540g 家庭装, <<BLOB>>, 18.80, 38.00, 60, 10, 2025-10-01, 300, 2026-07-28, 1, /uploads/2026/07/09/642205ec1468425b918d77d9c8a2068b.png, 旺旺集团, 湖南长沙, SC10543010100078, null, 1, 1, 1800, 2026-04-24 16:25:18, 2026-05-19 17:41:42
<==        Row: 8, 1, 1, 盐津铺子 鱼豆腐 440g, <<BLOB>>, 16.01, 32.00, 1250, 10, 2026-02-01, 180, 2026-07-31, 1, /uploads/2026/07/09/d92bbf9ce44a4dfa973c693b9433be28.png, 盐津铺子食品股份有限公司, 湖南浏阳, SC10343012200090, null, 1, 1, 980, 2026-04-24 16:25:18, 2026-04-24 16:25:18
<==        Row: 9, 2, 2, 农夫山泉 东方树叶 茉莉花茶 500ml*15, <<BLOB>>, 45.00, 75.00, 300, 10, 2026-02-10, 365, 2027-02-10, 0, /uploads/2026/07/09/113f1d41772546bbbd5d574a8f1b88a3.png, 农夫山泉股份有限公司, 浙江杭州, SC10633010900100, null, 1, 1, 6700, 2026-04-24 16:25:18, 2026-05-19 17:41:42
<==        Row: 10, 2, 2, 元气森林 白桃气泡水 480ml*12, <<BLOB>>, 49.90, 72.00, 200, 10, 2026-03-01, 270, 2026-11-26, 0, /uploads/2026/07/09/a81826bb791b4c0194ed5e3b0d726d9e.png, 元气森林(北京)食品科技集团, 北京, SC10611010400112, null, 1, 1, 8900, 2026-04-24 16:25:18, 2026-05-19 17:44:12
<==        Row: 11, 2, 2, 三得利 乌龙茶 500ml*18, <<BLOB>>, 55.00, 90.00, 97, 10, 2026-01-15, 365, 2027-01-15, 0, /uploads/2026/07/09/98e3ba80e5cf4951a33eb1a60aa3ed16.png, 三得利(中国)投资有限公司, 上海, SC10631010400123, null, 1, 1, 4203, 2026-04-24 16:25:18, 2026-07-09 15:42:19
<==      Total: 10
Closing non transactional SqlSession [org.apache.ibatis.session.defaults.DefaultSqlSession@3d8460d1]
Creating a new SqlSession
SqlSession [org.apache.ibatis.session.defaults.DefaultSqlSession@218668e9] was not registered for synchronization because synchronization is not active
JDBC Connection [HikariProxyConnection@388132151 wrapping com.mysql.cj.jdbc.ConnectionImpl@49cda481] will not be managed by Spring
==>  Preparing: SELECT COUNT(*) AS total FROM product WHERE (status = ? AND audit_status = ? AND expiry_status <> ?)
==> Parameters: 1(Integer), 1(Integer), 2(Integer)
<==    Columns: total
<==        Row: 53
<==      Total: 1
==>  Preparing: SELECT id,merchant_id,category_id,name,description,price,original_price,stock,stock_warning,production_date,shelf_life_days,expiry_date,expiry_status,images,manufacturer,origin,license_no,quality_report_imgs,status,audit_status,sales,create_time,update_time FROM product WHERE (status = ? AND audit_status = ? AND expiry_status <> ?) ORDER BY sales DESC LIMIT ?
==> Parameters: 1(Integer), 1(Integer), 2(Integer), 10(Long)
<==    Columns: id, merchant_id, category_id, name, description, price, original_price, stock, stock_warning, production_date, shelf_life_days, expiry_date, expiry_status, images, manufacturer, origin, license_no, quality_report_imgs, status, audit_status, sales, create_time, update_time
<==        Row: 23, 3, 4, 康师傅 红烧牛肉面 5连包, <<BLOB>>, 11.50, 20.00, 400, 10, 2026-03-01, 180, 2026-08-28, 1, /uploads/2026/07/09/08d0fdb546d74ef18c9a8c6a81c2ef0b.png, 康师傅控股有限公司, 天津, SC10112010400245, null, 1, 1, 15000, 2026-04-24 16:25:18, 2026-05-19 17:44:12
<==        Row: 14, 2, 2, 康师傅 冰红茶 500ml*15, <<BLOB>>, 28.00, 45.00, 350, 10, 2026-03-10, 365, 2027-03-10, 0, /uploads/2026/07/09/9b324b9799bd48e0b312db0d2e150555.png, 康师傅控股有限公司, 天津, SC10612010400156, null, 1, 1, 12000, 2026-04-24 16:25:18, 2026-06-30 14:21:33
<==        Row: 24, 3, 4, 统一 老坛酸菜牛肉面 5连包, <<BLOB>>, 11.90, 20.00, 350, 10, 2026-02-15, 180, 2026-08-14, 1, /uploads/2026/07/09/973611b3e14c4aebbf5222ecb044cbe2.png, 统一企业(中国)投资有限公司, 北京, SC10111010400256, null, 1, 1, 12000, 2026-04-24 16:25:18, 2026-05-19 17:45:51
<==        Row: 31, 2, 5, 伊利 安慕希 原味酸奶 205g*12, <<BLOB>>, 45.00, 69.90, 120, 10, 2026-04-01, 150, 2026-08-29, 0, /uploads/2026/07/09/8a0708c4c69a46e0b0e50395837ae1a7.png, 内蒙古伊利实业集团, 内蒙古呼和浩特, SC10515010100323, null, 1, 1, 11000, 2026-04-24 16:25:18, 2026-05-19 17:41:14
<==        Row: 30, 2, 5, 蒙牛 特仑苏 纯牛奶 250ml*12, <<BLOB>>, 49.90, 79.90, 150, 10, 2026-03-15, 180, 2026-09-11, 1, /uploads/2026/05/19/product_30_51425b361ef54d068c104e7cf8ebc87e.jpg, 蒙牛乳业(集团)股份有限公司, 内蒙古呼和浩特, SC10515010100312, null, 1, 1, 9200, 2026-04-24 16:25:18, 2026-05-19 17:40:57
<==        Row: 10, 2, 2, 元气森林 白桃气泡水 480ml*12, <<BLOB>>, 49.90, 72.00, 200, 10, 2026-03-01, 270, 2026-11-26, 0, /uploads/2026/07/09/a81826bb791b4c0194ed5e3b0d726d9e.png, 元气森林(北京)食品科技集团, 北京, SC10611010400112, null, 1, 1, 8900, 2026-04-24 16:25:18, 2026-05-19 17:44:12
<==        Row: 55, 3, 4, 白象 大骨面 香辣牛骨味 5连包, <<BLOB>>, 9.90, 18.00, 280, 10, 2026-03-05, 180, 2026-09-01, 1, /uploads/2026/07/09/cc2736ae87d6493bb1c0d3f494412ef2.png, 白象食品集团, 河南郑州, SC10141010400567, null, 1, 1, 8900, 2026-04-24 16:25:18, 2026-05-19 17:41:35
<==        Row: 35, 1, 6, 奥利奥 夹心饼干 原味 388g, <<BLOB>>, 12.90, 22.00, 300, 10, 2026-02-10, 365, 2027-02-10, 0, /uploads/2026/07/09/d60e75c55d51445e8bd9b938961e7300.png, 亿滋食品(中国)有限公司, 北京, SC10411010400367, null, 1, 1, 8900, 2026-04-24 16:25:18, 2026-05-19 17:41:14
<==        Row: 34, 2, 5, 认养一头牛 全脂纯牛奶 250ml*12, <<BLOB>>, 39.00, 59.90, 200, 10, 2026-03-01, 180, 2026-08-28, 1, /uploads/2026/07/09/5ac5ac2bb87049a49fc0364defcbb65c.png, 认养一头牛控股集团, 河北张家口, SC10513010100356, null, 1, 1, 7800, 2026-04-24 16:25:18, 2026-05-19 17:41:14
<==        Row: 27, 1, 4, 螺霸王 螺蛳粉 330g*3, <<BLOB>>, 25.80, 42.00, 200, 10, 2026-03-10, 180, 2026-09-06, 1, /uploads/2026/07/09/f2ae866cf9f34e719c92018c513a99cd.png, 柳州市螺霸王食品, 广西柳州, SC10145020100289, null, 1, 1, 7800, 2026-04-24 16:25:18, 2026-04-24 16:25:18
<==      Total: 10
Closing non transactional SqlSession [org.apache.ibatis.session.defaults.DefaultSqlSession@218668e9]
2026-09-17T15:27:12.210+08:00  WARN 64548 --- [l-1:housekeeper] com.zaxxer.hikari.pool.HikariPool        : HikariPool-1 - Thread starvation or clock leap detected (housekeeper delta=18m29s795ms552?s900ns).
2026-09-17T18:35:44.280+08:00  WARN 64548 --- [l-1:housekeeper] com.zaxxer.hikari.pool.HikariPool        : HikariPool-1 - Thread starvation or clock leap detected (housekeeper delta=3h8m32s85ms429?s200ns).
2026-09-17T19:36:42.016+08:00  WARN 64548 --- [l-1:housekeeper] com.zaxxer.hikari.pool.HikariPool        : HikariPool-1 - Thread starvation or clock leap detected (housekeeper delta=1h57s735ms648?s800ns).
